Assembling EFI payload from upstream releases...
EFI payload written: C:\Users\Win11 Pro\Downloads\macos-main\macos-main\src\MacOsUsbSetup\Assets\efi-payload.zip
Publishing setup.exe (dotnet: C:\Program Files\dotnet\dotnet.exe)...

Willkommen bei .NET 8.0!
---------------------
SDK-Version: 8.0.424

Telemetrie
---------
Die .NET-Tools erfassen Nutzungsdaten, damit wir die Plattform stetig verbessern können. Diese werden von Microsoft erfasst und mit der Community geteilt. Sie können das Erfassen von Telemetriedaten deaktivieren, indem Sie die Umgebungsvariable DOTNET_CLI_TELEMETRY_OPTOUT in Ihrer bevorzugten Shell auf "1" oder TRUE festlegen.

Weitere Informationen zu Telemetriedaten in .NET-CLI-Tools finden Sie hier: https://aka.ms/dotnet-cli-telemetry

----------------
Ein ASP.NET Core-HTTPS-Entwicklungszertifikat installiert.
Um dem Zertifikat zu vertrauen, führen Sie "dotnet dev-certs https --trust" aus
Informationen zu HTTPS: https://aka.ms/dotnet-https

----------------
Schreiben Sie Ihre erste App: https://aka.ms/dotnet-hello-world
Neuigkeiten: https://aka.ms/dotnet-whats-new
Dokumentation: https://aka.ms/dotnet-docs
Probleme melden und Quelle in GitHub suchen: https://github.com/dotnet/core
verwenden Sie "dotnet --help", um verfügbare Befehle anzuzeigen, oder besuchen Sie https://aka.ms/dotnet-cli
--------------------------------------------------------------------------------------
  Wiederherzustellende Projekte werden ermittelt...
  "C:\Users\Win11 Pro\Downloads\macos-main\macos-main\src\MacOsUsbSetup\MacOsUsbSetup.csproj" wiederhergestellt (in 14,
  15 Sek.).
C:\Users\Win11 Pro\Downloads\macos-main\macos-main\src\MacOsUsbSetup\Core\Download\ChunklistVerifier.cs(99,37): error C
S0246: Der Typ- oder Namespacename "Stream" wurde nicht gefunden (möglicherweise fehlt eine using-Direktive oder ein As
semblyverweis). [C:\Users\Win11 Pro\Downloads\macos-main\macos-main\src\MacOsUsbSetup\MacOsUsbSetup_qcgmea2y_wpftmp.csp
roj]
C:\Users\Win11 Pro\Downloads\macos-main\macos-main\src\MacOsUsbSetup\Core\Download\ResilientDownloader.cs(23,20): error
 CS0246: Der Typ- oder Namespacename "HttpClient" wurde nicht gefunden (möglicherweise fehlt eine using-Direktive oder
ein Assemblyverweis). [C:\Users\Win11 Pro\Downloads\macos-main\macos-main\src\MacOsUsbSetup\MacOsUsbSetup_qcgmea2y_wpft
mp.csproj]
C:\Users\Win11 Pro\Downloads\macos-main\macos-main\src\MacOsUsbSetup\Core\Download\ResilientDownloader.cs(111,38): erro
r CS0246: Der Typ- oder Namespacename "HttpRequestMessage" wurde nicht gefunden (möglicherweise fehlt eine using-Direkt
ive oder ein Assemblyverweis). [C:\Users\Win11 Pro\Downloads\macos-main\macos-main\src\MacOsUsbSetup\MacOsUsbSetup_qcgm
ea2y_wpftmp.csproj]
C:\Users\Win11 Pro\Downloads\macos-main\macos-main\src\MacOsUsbSetup\Core\Recovery\AppleRecoveryClient.cs(27,20): error
 CS0246: Der Typ- oder Namespacename "HttpClient" wurde nicht gefunden (möglicherweise fehlt eine using-Direktive oder
ein Assemblyverweis). [C:\Users\Win11 Pro\Downloads\macos-main\macos-main\src\MacOsUsbSetup\MacOsUsbSetup_qcgmea2y_wpft
mp.csproj]
C:\Users\Win11 Pro\Downloads\macos-main\macos-main\src\MacOsUsbSetup\Core\Download\ResilientDownloader.cs(17,29): error
 CS0246: Der Typ- oder Namespacename "HttpClient" wurde nicht gefunden (möglicherweise fehlt eine using-Direktive oder
ein Assemblyverweis). [C:\Users\Win11 Pro\Downloads\macos-main\macos-main\src\MacOsUsbSetup\MacOsUsbSetup_qcgmea2y_wpft
mp.csproj]
C:\Users\Win11 Pro\Downloads\macos-main\macos-main\src\MacOsUsbSetup\Core\Download\ResilientDownloader.cs(19,22): error
 CS0246: Der Typ- oder Namespacename "HttpClient" wurde nicht gefunden (möglicherweise fehlt eine using-Direktive oder
ein Assemblyverweis). [C:\Users\Win11 Pro\Downloads\macos-main\macos-main\src\MacOsUsbSetup\MacOsUsbSetup_qcgmea2y_wpft
mp.csproj]
C:\Users\Win11 Pro\Downloads\macos-main\macos-main\src\MacOsUsbSetup\Core\Download\ResilientDownloader.cs(21,32): error
 CS0246: Der Typ- oder Namespacename "HttpClient" wurde nicht gefunden (möglicherweise fehlt eine using-Direktive oder
ein Assemblyverweis). [C:\Users\Win11 Pro\Downloads\macos-main\macos-main\src\MacOsUsbSetup\MacOsUsbSetup_qcgmea2y_wpft
mp.csproj]
C:\Users\Win11 Pro\Downloads\macos-main\macos-main\src\MacOsUsbSetup\Core\Recovery\AppleRecoveryClient.cs(198,44): erro
r CS0246: Der Typ- oder Namespacename "HttpRequestMessage" wurde nicht gefunden (möglicherweise fehlt eine using-Direkt
ive oder ein Assemblyverweis). [C:\Users\Win11 Pro\Downloads\macos-main\macos-main\src\MacOsUsbSetup\MacOsUsbSetup_qcgm
ea2y_wpftmp.csproj]
C:\Users\Win11 Pro\Downloads\macos-main\macos-main\src\MacOsUsbSetup\Core\Recovery\AppleRecoveryClient.cs(23,29): error
 CS0246: Der Typ- oder Namespacename "HttpClient" wurde nicht gefunden (möglicherweise fehlt eine using-Direktive oder
ein Assemblyverweis). [C:\Users\Win11 Pro\Downloads\macos-main\macos-main\src\MacOsUsbSetup\MacOsUsbSetup_qcgmea2y_wpft
mp.csproj]
dotnet publish fehlgeschlagen
In C:\Users\Win11 Pro\Downloads\macos-main\macos-main\src\build.ps1:141 Zeichen:32
+ ...    if ($LASTEXITCODE -ne 0) { throw 'dotnet publish fehlgeschlagen' }
+                                   ~~~~~~~~~~~~~~~~~~~~~~~~~~~~~~~~~~~~~
    + CategoryInfo          : OperationStopped: (dotnet publish fehlgeschlagen:String) [], RuntimeException
    + FullyQualifiedErrorId : dotnet publish fehlgeschlagen


Build fehlgeschlagen - Meldungen oben pruefen.
Drücken Sie eine beliebige Taste . . .
