13:26:53 INFO  Hardware-Scan gestartet.
13:26:53 INFO  Hardware-Scan abgeschlossen: Intel(R) Core(TM) i5-8350U CPU @ 1.70GHz, 1 Grafik-Adapter, Firmware Uefi.
13:26:53 INFO  Kompatibilität bewertet: 6 unterstützt, 2 experimentell, 0 nicht unterstützt
13:26:56 INFO  USB-Datenträger werden gesucht.
13:26:56 INFO  1 USB-Datenträger gefunden.
13:26:58 INFO  USB wird vorbereitet: USB SanDisk 3.2Gen1
13:26:58 INFO  USB 1 wird vorbereitet (USB SanDisk 3.2Gen1, 30,8 GB).
13:26:58 INFO  USB-Datenträger wird formatiert (FAT32)
13:27:05 INFO  diskpart beendet (Code 0).
13:27:05 INFO  USB 1 formatiert: D:\
13:27:05 INFO  Volume bereit: D:\
13:27:05 INFO  Volume bereit: D:\ (MACOS-USB)
13:27:05 INFO  EFI und OpenCore werden geschrieben
13:27:05 INFO  EFI-Payload entpackt nach C:\Users\Win11 Pro\AppData\Local\Temp\MacOsUsbSetup\efi-fb54a69f00d14a82b1f982a26b7d7909
13:27:05 INFO  EFI-Vorlage wird auf den USB kopiert
13:27:07 INFO  SMBIOS: MacBookPro16,1 für macOS Tahoe
13:27:07 WARN  Seriennummer/MLB sind Platzhalter - für iMessage/FaceTime später gültige Werte generieren.
13:27:07 INFO  config.plist wird für die erkannte Hardware erzeugt
13:27:07 INFO  EFI vollständig geschrieben
13:27:07 INFO  EFI geschrieben
13:27:07 INFO  Recovery-Quelle für macOS Tahoe wird abgefragt
13:27:07 INFO  Recovery-Links werden aufgelöst (Board Mac-27AD2F918AE68F61, latest).
13:27:07 INFO  Recovery-Links erfolgreich aufgelöst.
13:27:07 INFO  Download-Freigabe erhalten
13:27:07 INFO  Lade BaseSystem.dmg herunter.
13:27:10 INFO  BaseSystem.dmg: 0 MB / 961 MB
13:27:10 INFO  BaseSystem.dmg: 1 MB / 961 MB
13:27:11 INFO  BaseSystem.dmg: 3 MB / 961 MB
13:27:11 INFO  BaseSystem.dmg: 4 MB / 961 MB
13:27:12 INFO  BaseSystem.dmg: 5 MB / 961 MB
13:27:13 INFO  BaseSystem.dmg: 6 MB / 961 MB
13:27:13 INFO  BaseSystem.dmg: 7 MB / 961 MB
13:27:14 INFO  BaseSystem.dmg: 9 MB / 961 MB
13:27:14 INFO  BaseSystem.dmg: 10 MB / 961 MB
13:27:14 INFO  BaseSystem.dmg: 11 MB / 961 MB
13:27:14 INFO  BaseSystem.dmg: 12 MB / 961 MB
13:27:15 INFO  BaseSystem.dmg: 13 MB / 961 MB
13:27:15 INFO  BaseSystem.dmg: 14 MB / 961 MB
13:27:15 INFO  BaseSystem.dmg: 15 MB / 961 MB
13:27:15 INFO  BaseSystem.dmg: 17 MB / 961 MB
13:27:16 INFO  BaseSystem.dmg: 18 MB / 961 MB
13:27:16 INFO  BaseSystem.dmg: 20 MB / 961 MB
13:27:16 INFO  BaseSystem.dmg: 21 MB / 961 MB
13:27:17 INFO  BaseSystem.dmg: 22 MB / 961 MB
13:27:17 INFO  BaseSystem.dmg: 23 MB / 961 MB
13:27:18 INFO  BaseSystem.dmg: 24 MB / 961 MB
13:27:18 INFO  BaseSystem.dmg: 25 MB / 961 MB
13:27:19 INFO  BaseSystem.dmg: 26 MB / 961 MB
13:27:19 INFO  BaseSystem.dmg: 27 MB / 961 MB
13:27:19 INFO  BaseSystem.dmg: 28 MB / 961 MB
13:27:20 INFO  BaseSystem.dmg: 29 MB / 961 MB
13:27:20 INFO  BaseSystem.dmg: 30 MB / 961 MB
13:27:20 INFO  BaseSystem.dmg: 33 MB / 961 MB
13:27:21 INFO  BaseSystem.dmg: 34 MB / 961 MB
13:27:21 INFO  BaseSystem.dmg: 35 MB / 961 MB
13:27:21 INFO  BaseSystem.dmg: 36 MB / 961 MB
13:27:22 INFO  BaseSystem.dmg: 37 MB / 961 MB
13:27:22 INFO  BaseSystem.dmg: 38 MB / 961 MB
13:27:22 INFO  BaseSystem.dmg: 40 MB / 961 MB
13:27:23 INFO  BaseSystem.dmg: 41 MB / 961 MB
13:27:23 INFO  BaseSystem.dmg: 42 MB / 961 MB
13:27:23 INFO  BaseSystem.dmg: 43 MB / 961 MB
13:27:24 INFO  BaseSystem.dmg: 44 MB / 961 MB
13:27:24 INFO  BaseSystem.dmg: 45 MB / 961 MB
13:27:25 INFO  BaseSystem.dmg: 47 MB / 961 MB
13:27:25 INFO  BaseSystem.dmg: 48 MB / 961 MB
13:27:25 INFO  BaseSystem.dmg: 49 MB / 961 MB
13:27:25 INFO  BaseSystem.dmg: 50 MB / 961 MB
13:27:26 INFO  BaseSystem.dmg: 51 MB / 961 MB
13:27:27 INFO  BaseSystem.dmg: 52 MB / 961 MB
13:27:27 INFO  BaseSystem.dmg: 53 MB / 961 MB
13:27:27 INFO  BaseSystem.dmg: 55 MB / 961 MB
13:27:27 INFO  BaseSystem.dmg: 56 MB / 961 MB
13:27:27 INFO  BaseSystem.dmg: 57 MB / 961 MB
13:27:28 INFO  BaseSystem.dmg: 58 MB / 961 MB
13:27:28 INFO  BaseSystem.dmg: 59 MB / 961 MB
13:27:28 INFO  BaseSystem.dmg: 60 MB / 961 MB
13:27:29 INFO  BaseSystem.dmg: 61 MB / 961 MB
13:27:29 INFO  BaseSystem.dmg: 63 MB / 961 MB
13:27:30 INFO  BaseSystem.dmg: 64 MB / 961 MB
13:27:31 INFO  BaseSystem.dmg: 65 MB / 961 MB
13:27:31 INFO  BaseSystem.dmg: 66 MB / 961 MB
13:27:32 INFO  BaseSystem.dmg: 67 MB / 961 MB
13:27:32 INFO  BaseSystem.dmg: 68 MB / 961 MB
13:27:32 INFO  BaseSystem.dmg: 70 MB / 961 MB
13:27:32 INFO  BaseSystem.dmg: 71 MB / 961 MB
13:27:33 INFO  BaseSystem.dmg: 72 MB / 961 MB
13:27:33 INFO  BaseSystem.dmg: 73 MB / 961 MB
13:27:33 INFO  BaseSystem.dmg: 74 MB / 961 MB
13:27:34 INFO  BaseSystem.dmg: 77 MB / 961 MB
13:27:35 INFO  BaseSystem.dmg: 78 MB / 961 MB
13:27:35 INFO  BaseSystem.dmg: 79 MB / 961 MB
13:27:35 INFO  BaseSystem.dmg: 80 MB / 961 MB
13:27:35 INFO  BaseSystem.dmg: 81 MB / 961 MB
13:27:36 INFO  BaseSystem.dmg: 83 MB / 961 MB
13:27:36 INFO  BaseSystem.dmg: 84 MB / 961 MB
13:27:37 INFO  BaseSystem.dmg: 85 MB / 961 MB
13:27:37 INFO  BaseSystem.dmg: 86 MB / 961 MB
13:27:38 INFO  BaseSystem.dmg: 87 MB / 961 MB
13:27:38 INFO  BaseSystem.dmg: 89 MB / 961 MB
13:27:39 INFO  BaseSystem.dmg: 90 MB / 961 MB
13:27:39 INFO  BaseSystem.dmg: 91 MB / 961 MB
13:27:39 INFO  BaseSystem.dmg: 93 MB / 961 MB
13:27:39 INFO  BaseSystem.dmg: 94 MB / 961 MB
13:27:40 INFO  BaseSystem.dmg: 95 MB / 961 MB
13:27:40 INFO  BaseSystem.dmg: 96 MB / 961 MB
13:27:40 INFO  BaseSystem.dmg: 98 MB / 961 MB
13:27:42 INFO  BaseSystem.dmg: 99 MB / 961 MB
13:27:42 INFO  BaseSystem.dmg: 100 MB / 961 MB
13:27:42 INFO  BaseSystem.dmg: 102 MB / 961 MB
13:27:43 INFO  BaseSystem.dmg: 104 MB / 961 MB
13:27:43 INFO  BaseSystem.dmg: 105 MB / 961 MB
13:27:43 INFO  BaseSystem.dmg: 106 MB / 961 MB
13:27:43 INFO  BaseSystem.dmg: 107 MB / 961 MB
13:27:44 INFO  BaseSystem.dmg: 108 MB / 961 MB
13:27:44 INFO  BaseSystem.dmg: 109 MB / 961 MB
13:27:45 INFO  BaseSystem.dmg: 110 MB / 961 MB
13:27:46 INFO  BaseSystem.dmg: 111 MB / 961 MB
13:27:46 INFO  BaseSystem.dmg: 112 MB / 961 MB
13:27:46 INFO  BaseSystem.dmg: 113 MB / 961 MB
13:27:46 INFO  BaseSystem.dmg: 114 MB / 961 MB
13:27:47 INFO  BaseSystem.dmg: 116 MB / 961 MB
13:27:47 INFO  BaseSystem.dmg: 117 MB / 961 MB
13:27:48 INFO  BaseSystem.dmg: 118 MB / 961 MB
13:27:48 INFO  BaseSystem.dmg: 119 MB / 961 MB
13:27:49 INFO  BaseSystem.dmg: 121 MB / 961 MB
13:27:50 INFO  BaseSystem.dmg: 122 MB / 961 MB
13:27:50 INFO  BaseSystem.dmg: 123 MB / 961 MB
13:27:51 INFO  BaseSystem.dmg: 124 MB / 961 MB
13:27:52 INFO  BaseSystem.dmg: 125 MB / 961 MB
13:27:52 INFO  BaseSystem.dmg: 126 MB / 961 MB
13:27:52 INFO  BaseSystem.dmg: 127 MB / 961 MB
13:27:53 INFO  BaseSystem.dmg: 128 MB / 961 MB
13:27:53 INFO  BaseSystem.dmg: 130 MB / 961 MB
13:27:54 INFO  BaseSystem.dmg: 131 MB / 961 MB
13:27:54 INFO  BaseSystem.dmg: 132 MB / 961 MB
13:27:54 INFO  BaseSystem.dmg: 133 MB / 961 MB
13:27:55 INFO  BaseSystem.dmg: 134 MB / 961 MB
13:27:55 INFO  BaseSystem.dmg: 135 MB / 961 MB
13:27:55 INFO  BaseSystem.dmg: 137 MB / 961 MB
13:27:56 INFO  BaseSystem.dmg: 138 MB / 961 MB
13:27:57 INFO  BaseSystem.dmg: 139 MB / 961 MB
13:27:57 INFO  BaseSystem.dmg: 140 MB / 961 MB
13:27:57 INFO  BaseSystem.dmg: 141 MB / 961 MB
13:27:57 INFO  BaseSystem.dmg: 142 MB / 961 MB
13:27:58 INFO  BaseSystem.dmg: 144 MB / 961 MB
13:27:59 INFO  BaseSystem.dmg: 146 MB / 961 MB
13:27:59 INFO  BaseSystem.dmg: 148 MB / 961 MB
13:28:00 INFO  BaseSystem.dmg: 149 MB / 961 MB
13:28:00 INFO  BaseSystem.dmg: 150 MB / 961 MB
13:28:00 INFO  BaseSystem.dmg: 152 MB / 961 MB
13:28:00 INFO  BaseSystem.dmg: 153 MB / 961 MB
13:28:01 INFO  BaseSystem.dmg: 154 MB / 961 MB
13:28:01 INFO  BaseSystem.dmg: 155 MB / 961 MB
13:28:02 INFO  BaseSystem.dmg: 156 MB / 961 MB
13:28:03 INFO  BaseSystem.dmg: 157 MB / 961 MB
13:28:03 INFO  BaseSystem.dmg: 158 MB / 961 MB
13:28:04 INFO  BaseSystem.dmg: 160 MB / 961 MB
13:28:04 INFO  BaseSystem.dmg: 161 MB / 961 MB
13:28:04 INFO  BaseSystem.dmg: 162 MB / 961 MB
13:28:05 INFO  BaseSystem.dmg: 163 MB / 961 MB
13:28:06 INFO  BaseSystem.dmg: 164 MB / 961 MB
13:28:06 INFO  BaseSystem.dmg: 165 MB / 961 MB
13:28:06 INFO  BaseSystem.dmg: 167 MB / 961 MB
13:28:07 INFO  BaseSystem.dmg: 168 MB / 961 MB
13:28:07 INFO  BaseSystem.dmg: 169 MB / 961 MB
13:28:07 INFO  BaseSystem.dmg: 171 MB / 961 MB
13:28:08 INFO  BaseSystem.dmg: 172 MB / 961 MB
13:28:08 INFO  BaseSystem.dmg: 173 MB / 961 MB
13:28:08 INFO  BaseSystem.dmg: 175 MB / 961 MB
13:28:08 INFO  BaseSystem.dmg: 176 MB / 961 MB
13:28:09 INFO  BaseSystem.dmg: 177 MB / 961 MB
13:28:09 INFO  BaseSystem.dmg: 178 MB / 961 MB
13:28:10 INFO  BaseSystem.dmg: 179 MB / 961 MB
13:28:11 INFO  BaseSystem.dmg: 181 MB / 961 MB
13:28:11 INFO  BaseSystem.dmg: 182 MB / 961 MB
13:28:12 INFO  BaseSystem.dmg: 183 MB / 961 MB
13:28:12 INFO  BaseSystem.dmg: 184 MB / 961 MB
13:28:13 INFO  BaseSystem.dmg: 185 MB / 961 MB
13:28:13 INFO  BaseSystem.dmg: 187 MB / 961 MB
13:28:13 INFO  BaseSystem.dmg: 188 MB / 961 MB
13:28:13 INFO  BaseSystem.dmg: 189 MB / 961 MB
13:28:14 INFO  BaseSystem.dmg: 190 MB / 961 MB
13:28:15 INFO  BaseSystem.dmg: 191 MB / 961 MB
13:28:15 INFO  BaseSystem.dmg: 192 MB / 961 MB
13:28:16 INFO  BaseSystem.dmg: 194 MB / 961 MB
13:28:16 INFO  BaseSystem.dmg: 196 MB / 961 MB
13:28:16 INFO  BaseSystem.dmg: 197 MB / 961 MB
13:28:17 INFO  BaseSystem.dmg: 198 MB / 961 MB
13:28:17 INFO  BaseSystem.dmg: 199 MB / 961 MB
13:28:17 INFO  BaseSystem.dmg: 200 MB / 961 MB
13:28:17 INFO  BaseSystem.dmg: 201 MB / 961 MB
13:28:18 INFO  BaseSystem.dmg: 202 MB / 961 MB
13:28:18 INFO  BaseSystem.dmg: 204 MB / 961 MB
13:28:19 INFO  BaseSystem.dmg: 206 MB / 961 MB
13:28:19 INFO  BaseSystem.dmg: 207 MB / 961 MB
13:28:19 INFO  BaseSystem.dmg: 208 MB / 961 MB
13:28:20 INFO  BaseSystem.dmg: 209 MB / 961 MB
13:28:20 INFO  BaseSystem.dmg: 210 MB / 961 MB
13:28:20 INFO  BaseSystem.dmg: 211 MB / 961 MB
13:28:21 INFO  BaseSystem.dmg: 213 MB / 961 MB
13:28:21 INFO  BaseSystem.dmg: 215 MB / 961 MB
13:28:22 INFO  BaseSystem.dmg: 217 MB / 961 MB
13:28:23 INFO  BaseSystem.dmg: 219 MB / 961 MB
13:28:23 INFO  BaseSystem.dmg: 220 MB / 961 MB
13:28:24 INFO  BaseSystem.dmg: 221 MB / 961 MB
13:28:24 INFO  BaseSystem.dmg: 222 MB / 961 MB
13:28:24 INFO  BaseSystem.dmg: 223 MB / 961 MB
13:28:25 INFO  BaseSystem.dmg: 224 MB / 961 MB
13:28:25 INFO  BaseSystem.dmg: 225 MB / 961 MB
13:28:26 INFO  BaseSystem.dmg: 226 MB / 961 MB
13:28:26 INFO  BaseSystem.dmg: 228 MB / 961 MB
13:28:26 INFO  BaseSystem.dmg: 229 MB / 961 MB
13:28:26 INFO  BaseSystem.dmg: 230 MB / 961 MB
13:28:27 INFO  BaseSystem.dmg: 231 MB / 961 MB
13:28:27 INFO  BaseSystem.dmg: 232 MB / 961 MB
13:28:27 INFO  BaseSystem.dmg: 233 MB / 961 MB
13:28:27 INFO  BaseSystem.dmg: 234 MB / 961 MB
13:28:28 INFO  BaseSystem.dmg: 236 MB / 961 MB
13:28:28 INFO  BaseSystem.dmg: 237 MB / 961 MB
13:28:29 INFO  BaseSystem.dmg: 238 MB / 961 MB
13:28:29 INFO  BaseSystem.dmg: 239 MB / 961 MB
13:28:29 INFO  BaseSystem.dmg: 240 MB / 961 MB
13:28:30 INFO  BaseSystem.dmg: 241 MB / 961 MB
13:28:30 INFO  BaseSystem.dmg: 242 MB / 961 MB
13:28:30 INFO  BaseSystem.dmg: 244 MB / 961 MB
13:28:30 INFO  BaseSystem.dmg: 245 MB / 961 MB
13:28:31 INFO  BaseSystem.dmg: 246 MB / 961 MB
13:28:31 INFO  BaseSystem.dmg: 247 MB / 961 MB
13:28:31 INFO  BaseSystem.dmg: 249 MB / 961 MB
13:28:32 INFO  BaseSystem.dmg: 251 MB / 961 MB
13:28:32 INFO  BaseSystem.dmg: 252 MB / 961 MB
13:28:32 INFO  BaseSystem.dmg: 253 MB / 961 MB
13:28:33 INFO  BaseSystem.dmg: 254 MB / 961 MB
13:28:33 INFO  BaseSystem.dmg: 255 MB / 961 MB
13:28:34 INFO  BaseSystem.dmg: 257 MB / 961 MB
13:28:34 INFO  BaseSystem.dmg: 258 MB / 961 MB
13:28:35 INFO  BaseSystem.dmg: 259 MB / 961 MB
13:28:36 INFO  BaseSystem.dmg: 260 MB / 961 MB
13:28:36 INFO  BaseSystem.dmg: 261 MB / 961 MB
13:28:37 INFO  BaseSystem.dmg: 262 MB / 961 MB
13:28:37 INFO  BaseSystem.dmg: 263 MB / 961 MB
13:28:37 INFO  BaseSystem.dmg: 265 MB / 961 MB
13:28:37 INFO  BaseSystem.dmg: 266 MB / 961 MB
13:28:38 INFO  BaseSystem.dmg: 267 MB / 961 MB
13:28:38 INFO  BaseSystem.dmg: 268 MB / 961 MB
13:28:38 INFO  BaseSystem.dmg: 269 MB / 961 MB
13:28:38 INFO  BaseSystem.dmg: 271 MB / 961 MB
13:28:39 INFO  BaseSystem.dmg: 272 MB / 961 MB
13:28:40 INFO  BaseSystem.dmg: 273 MB / 961 MB
13:28:40 INFO  BaseSystem.dmg: 274 MB / 961 MB
13:28:40 INFO  BaseSystem.dmg: 275 MB / 961 MB
13:28:40 INFO  BaseSystem.dmg: 276 MB / 961 MB
13:28:41 INFO  BaseSystem.dmg: 277 MB / 961 MB
13:28:41 INFO  BaseSystem.dmg: 279 MB / 961 MB
13:28:41 INFO  BaseSystem.dmg: 280 MB / 961 MB
13:28:41 INFO  BaseSystem.dmg: 281 MB / 961 MB
13:28:42 INFO  BaseSystem.dmg: 282 MB / 961 MB
13:28:43 INFO  BaseSystem.dmg: 283 MB / 961 MB
13:28:43 INFO  BaseSystem.dmg: 284 MB / 961 MB
13:28:44 INFO  BaseSystem.dmg: 285 MB / 961 MB
13:28:44 INFO  BaseSystem.dmg: 287 MB / 961 MB
13:28:44 INFO  BaseSystem.dmg: 288 MB / 961 MB
13:28:44 INFO  BaseSystem.dmg: 289 MB / 961 MB
13:28:45 INFO  BaseSystem.dmg: 290 MB / 961 MB
13:28:45 INFO  BaseSystem.dmg: 291 MB / 961 MB
13:28:46 INFO  BaseSystem.dmg: 292 MB / 961 MB
13:28:46 INFO  BaseSystem.dmg: 293 MB / 961 MB
13:28:47 INFO  BaseSystem.dmg: 295 MB / 961 MB
13:28:48 INFO  BaseSystem.dmg: 297 MB / 961 MB
13:28:48 INFO  BaseSystem.dmg: 298 MB / 961 MB
13:28:49 INFO  BaseSystem.dmg: 299 MB / 961 MB
13:28:49 INFO  BaseSystem.dmg: 300 MB / 961 MB
13:28:49 INFO  BaseSystem.dmg: 302 MB / 961 MB
13:28:50 INFO  BaseSystem.dmg: 303 MB / 961 MB
13:28:50 INFO  BaseSystem.dmg: 304 MB / 961 MB
13:28:50 INFO  BaseSystem.dmg: 305 MB / 961 MB
13:28:51 INFO  BaseSystem.dmg: 307 MB / 961 MB
13:28:52 INFO  BaseSystem.dmg: 308 MB / 961 MB
13:28:52 INFO  BaseSystem.dmg: 309 MB / 961 MB
13:28:53 INFO  BaseSystem.dmg: 311 MB / 961 MB
13:28:53 INFO  BaseSystem.dmg: 312 MB / 961 MB
13:28:53 INFO  BaseSystem.dmg: 313 MB / 961 MB
13:28:53 INFO  BaseSystem.dmg: 314 MB / 961 MB
13:28:54 INFO  BaseSystem.dmg: 315 MB / 961 MB
13:28:54 INFO  BaseSystem.dmg: 317 MB / 961 MB
13:28:54 INFO  BaseSystem.dmg: 318 MB / 961 MB
13:28:55 INFO  BaseSystem.dmg: 319 MB / 961 MB
13:28:55 INFO  BaseSystem.dmg: 320 MB / 961 MB
13:28:56 INFO  BaseSystem.dmg: 321 MB / 961 MB
13:28:56 INFO  BaseSystem.dmg: 323 MB / 961 MB
13:28:56 INFO  BaseSystem.dmg: 324 MB / 961 MB
13:28:56 INFO  BaseSystem.dmg: 325 MB / 961 MB
13:28:57 INFO  BaseSystem.dmg: 326 MB / 961 MB
13:28:57 INFO  BaseSystem.dmg: 327 MB / 961 MB
13:28:57 INFO  BaseSystem.dmg: 328 MB / 961 MB
13:28:58 INFO  BaseSystem.dmg: 329 MB / 961 MB
13:28:58 INFO  BaseSystem.dmg: 330 MB / 961 MB
13:28:59 INFO  BaseSystem.dmg: 332 MB / 961 MB
13:28:59 INFO  BaseSystem.dmg: 334 MB / 961 MB
13:28:59 INFO  BaseSystem.dmg: 335 MB / 961 MB
13:29:00 INFO  BaseSystem.dmg: 336 MB / 961 MB
13:29:00 INFO  BaseSystem.dmg: 337 MB / 961 MB
13:29:00 INFO  BaseSystem.dmg: 338 MB / 961 MB
13:29:01 INFO  BaseSystem.dmg: 340 MB / 961 MB
13:29:01 INFO  BaseSystem.dmg: 341 MB / 961 MB
13:29:02 INFO  BaseSystem.dmg: 343 MB / 961 MB
13:29:03 INFO  BaseSystem.dmg: 344 MB / 961 MB
13:29:03 INFO  BaseSystem.dmg: 345 MB / 961 MB
13:29:04 INFO  BaseSystem.dmg: 347 MB / 961 MB
13:29:04 INFO  BaseSystem.dmg: 348 MB / 961 MB
13:29:04 INFO  BaseSystem.dmg: 349 MB / 961 MB
13:29:04 INFO  BaseSystem.dmg: 350 MB / 961 MB
13:29:05 INFO  BaseSystem.dmg: 351 MB / 961 MB
13:29:06 INFO  BaseSystem.dmg: 352 MB / 961 MB
13:29:06 INFO  BaseSystem.dmg: 353 MB / 961 MB
13:29:06 INFO  BaseSystem.dmg: 355 MB / 961 MB
13:29:07 INFO  BaseSystem.dmg: 357 MB / 961 MB
13:29:07 INFO  BaseSystem.dmg: 358 MB / 961 MB
13:29:07 INFO  BaseSystem.dmg: 359 MB / 961 MB
13:29:07 INFO  BaseSystem.dmg: 360 MB / 961 MB
13:29:08 INFO  BaseSystem.dmg: 361 MB / 961 MB
13:29:08 INFO  BaseSystem.dmg: 363 MB / 961 MB
13:29:08 INFO  BaseSystem.dmg: 364 MB / 961 MB
13:29:10 INFO  BaseSystem.dmg: 365 MB / 961 MB
13:29:10 INFO  BaseSystem.dmg: 366 MB / 961 MB
13:29:10 INFO  BaseSystem.dmg: 368 MB / 961 MB
13:29:10 INFO  BaseSystem.dmg: 369 MB / 961 MB
13:29:11 INFO  BaseSystem.dmg: 370 MB / 961 MB
13:29:11 INFO  BaseSystem.dmg: 371 MB / 961 MB
13:29:11 INFO  BaseSystem.dmg: 372 MB / 961 MB
13:29:11 INFO  BaseSystem.dmg: 373 MB / 961 MB
13:29:12 INFO  BaseSystem.dmg: 374 MB / 961 MB
13:29:12 INFO  BaseSystem.dmg: 375 MB / 961 MB
13:29:12 INFO  BaseSystem.dmg: 376 MB / 961 MB
13:29:12 INFO  BaseSystem.dmg: 379 MB / 961 MB
13:29:13 INFO  BaseSystem.dmg: 380 MB / 961 MB
13:29:13 INFO  BaseSystem.dmg: 381 MB / 961 MB
13:29:13 INFO  BaseSystem.dmg: 382 MB / 961 MB
13:29:13 INFO  BaseSystem.dmg: 383 MB / 961 MB
13:29:14 INFO  BaseSystem.dmg: 384 MB / 961 MB
13:29:14 INFO  BaseSystem.dmg: 386 MB / 961 MB
13:29:14 INFO  BaseSystem.dmg: 387 MB / 961 MB
13:29:15 INFO  BaseSystem.dmg: 388 MB / 961 MB
13:29:15 INFO  BaseSystem.dmg: 389 MB / 961 MB
13:29:15 INFO  BaseSystem.dmg: 390 MB / 961 MB
13:29:15 INFO  BaseSystem.dmg: 392 MB / 961 MB
13:29:16 INFO  BaseSystem.dmg: 393 MB / 961 MB
13:29:16 INFO  BaseSystem.dmg: 394 MB / 961 MB
13:29:16 INFO  BaseSystem.dmg: 395 MB / 961 MB
13:29:16 INFO  BaseSystem.dmg: 396 MB / 961 MB
13:29:17 INFO  BaseSystem.dmg: 397 MB / 961 MB
13:29:17 INFO  BaseSystem.dmg: 398 MB / 961 MB
13:29:17 INFO  BaseSystem.dmg: 400 MB / 961 MB
13:29:17 INFO  BaseSystem.dmg: 401 MB / 961 MB
13:29:18 INFO  BaseSystem.dmg: 402 MB / 961 MB
13:29:18 INFO  BaseSystem.dmg: 403 MB / 961 MB
13:29:18 INFO  BaseSystem.dmg: 404 MB / 961 MB
13:29:18 INFO  BaseSystem.dmg: 405 MB / 961 MB
13:29:18 INFO  BaseSystem.dmg: 406 MB / 961 MB
13:29:19 INFO  BaseSystem.dmg: 407 MB / 961 MB
13:29:19 INFO  BaseSystem.dmg: 409 MB / 961 MB
13:29:19 INFO  BaseSystem.dmg: 410 MB / 961 MB
13:29:20 INFO  BaseSystem.dmg: 411 MB / 961 MB
13:29:20 INFO  BaseSystem.dmg: 412 MB / 961 MB
13:29:20 INFO  BaseSystem.dmg: 414 MB / 961 MB
13:29:20 INFO  BaseSystem.dmg: 415 MB / 961 MB
13:29:21 INFO  BaseSystem.dmg: 416 MB / 961 MB
13:29:21 INFO  BaseSystem.dmg: 417 MB / 961 MB
13:29:21 INFO  BaseSystem.dmg: 418 MB / 961 MB
13:29:21 INFO  BaseSystem.dmg: 419 MB / 961 MB
13:29:21 INFO  BaseSystem.dmg: 420 MB / 961 MB
13:29:22 INFO  BaseSystem.dmg: 422 MB / 961 MB
13:29:22 INFO  BaseSystem.dmg: 423 MB / 961 MB
13:29:22 INFO  BaseSystem.dmg: 425 MB / 961 MB
13:29:23 INFO  BaseSystem.dmg: 426 MB / 961 MB
13:29:23 INFO  BaseSystem.dmg: 427 MB / 961 MB
13:29:23 INFO  BaseSystem.dmg: 428 MB / 961 MB
13:29:23 INFO  BaseSystem.dmg: 429 MB / 961 MB
13:29:24 INFO  BaseSystem.dmg: 431 MB / 961 MB
13:29:24 INFO  BaseSystem.dmg: 432 MB / 961 MB
13:29:24 INFO  BaseSystem.dmg: 433 MB / 961 MB
13:29:24 INFO  BaseSystem.dmg: 434 MB / 961 MB
13:29:25 INFO  BaseSystem.dmg: 435 MB / 961 MB
13:29:25 INFO  BaseSystem.dmg: 437 MB / 961 MB
13:29:25 INFO  BaseSystem.dmg: 438 MB / 961 MB
13:29:25 INFO  BaseSystem.dmg: 439 MB / 961 MB
13:29:25 INFO  BaseSystem.dmg: 440 MB / 961 MB
13:29:26 INFO  BaseSystem.dmg: 441 MB / 961 MB
13:29:26 INFO  BaseSystem.dmg: 442 MB / 961 MB
13:29:26 INFO  BaseSystem.dmg: 444 MB / 961 MB
13:29:27 INFO  BaseSystem.dmg: 445 MB / 961 MB
13:29:27 INFO  BaseSystem.dmg: 446 MB / 961 MB
13:29:27 INFO  BaseSystem.dmg: 447 MB / 961 MB
13:29:27 INFO  BaseSystem.dmg: 448 MB / 961 MB
13:29:27 INFO  BaseSystem.dmg: 449 MB / 961 MB
13:29:28 INFO  BaseSystem.dmg: 450 MB / 961 MB
13:29:28 INFO  BaseSystem.dmg: 451 MB / 961 MB
13:29:28 INFO  BaseSystem.dmg: 452 MB / 961 MB
13:29:28 INFO  BaseSystem.dmg: 454 MB / 961 MB
13:29:28 INFO  BaseSystem.dmg: 455 MB / 961 MB
13:29:29 INFO  BaseSystem.dmg: 456 MB / 961 MB
13:29:29 INFO  BaseSystem.dmg: 457 MB / 961 MB
13:29:29 INFO  BaseSystem.dmg: 458 MB / 961 MB
13:29:30 INFO  BaseSystem.dmg: 459 MB / 961 MB
13:29:30 INFO  BaseSystem.dmg: 460 MB / 961 MB
13:29:30 INFO  BaseSystem.dmg: 462 MB / 961 MB
13:29:30 INFO  BaseSystem.dmg: 463 MB / 961 MB
13:29:31 INFO  BaseSystem.dmg: 464 MB / 961 MB
13:29:31 INFO  BaseSystem.dmg: 465 MB / 961 MB
13:29:31 INFO  BaseSystem.dmg: 467 MB / 961 MB
13:29:32 INFO  BaseSystem.dmg: 468 MB / 961 MB
13:29:32 INFO  BaseSystem.dmg: 469 MB / 961 MB
13:29:32 INFO  BaseSystem.dmg: 470 MB / 961 MB
13:29:32 INFO  BaseSystem.dmg: 471 MB / 961 MB
13:29:32 INFO  BaseSystem.dmg: 472 MB / 961 MB
13:29:32 INFO  BaseSystem.dmg: 473 MB / 961 MB
13:29:33 INFO  BaseSystem.dmg: 475 MB / 961 MB
13:29:33 INFO  BaseSystem.dmg: 476 MB / 961 MB
13:29:33 INFO  BaseSystem.dmg: 477 MB / 961 MB
13:29:33 INFO  BaseSystem.dmg: 478 MB / 961 MB
13:29:34 INFO  BaseSystem.dmg: 479 MB / 961 MB
13:29:34 INFO  BaseSystem.dmg: 480 MB / 961 MB
13:29:34 INFO  BaseSystem.dmg: 481 MB / 961 MB
13:29:35 INFO  BaseSystem.dmg: 482 MB / 961 MB
13:29:35 INFO  BaseSystem.dmg: 483 MB / 961 MB
13:29:35 INFO  BaseSystem.dmg: 485 MB / 961 MB
13:29:35 INFO  BaseSystem.dmg: 486 MB / 961 MB
13:29:36 INFO  BaseSystem.dmg: 487 MB / 961 MB
13:29:36 INFO  BaseSystem.dmg: 488 MB / 961 MB
13:29:36 INFO  BaseSystem.dmg: 490 MB / 961 MB
13:29:37 INFO  BaseSystem.dmg: 491 MB / 961 MB
13:29:37 INFO  BaseSystem.dmg: 492 MB / 961 MB
13:29:37 INFO  BaseSystem.dmg: 493 MB / 961 MB
13:29:37 INFO  BaseSystem.dmg: 494 MB / 961 MB
13:29:37 INFO  BaseSystem.dmg: 495 MB / 961 MB
13:29:37 INFO  BaseSystem.dmg: 496 MB / 961 MB
13:29:38 INFO  BaseSystem.dmg: 498 MB / 961 MB
13:29:38 INFO  BaseSystem.dmg: 499 MB / 961 MB
13:29:38 INFO  BaseSystem.dmg: 500 MB / 961 MB
13:29:38 INFO  BaseSystem.dmg: 501 MB / 961 MB
13:29:39 INFO  BaseSystem.dmg: 502 MB / 961 MB
13:29:39 INFO  BaseSystem.dmg: 503 MB / 961 MB
13:29:39 INFO  BaseSystem.dmg: 504 MB / 961 MB
13:29:40 INFO  BaseSystem.dmg: 505 MB / 961 MB
13:29:40 INFO  BaseSystem.dmg: 506 MB / 961 MB
13:29:40 INFO  BaseSystem.dmg: 508 MB / 961 MB
13:29:40 INFO  BaseSystem.dmg: 509 MB / 961 MB
13:29:40 INFO  BaseSystem.dmg: 510 MB / 961 MB
13:29:40 INFO  BaseSystem.dmg: 511 MB / 961 MB
13:29:41 INFO  BaseSystem.dmg: 513 MB / 961 MB
13:29:41 INFO  BaseSystem.dmg: 514 MB / 961 MB
13:29:41 INFO  BaseSystem.dmg: 515 MB / 961 MB
13:29:42 INFO  BaseSystem.dmg: 516 MB / 961 MB
13:29:42 INFO  BaseSystem.dmg: 517 MB / 961 MB
13:29:42 INFO  BaseSystem.dmg: 518 MB / 961 MB
13:29:42 INFO  BaseSystem.dmg: 519 MB / 961 MB
13:29:43 INFO  BaseSystem.dmg: 521 MB / 961 MB
13:29:43 INFO  BaseSystem.dmg: 522 MB / 961 MB
13:29:43 INFO  BaseSystem.dmg: 523 MB / 961 MB
13:29:43 INFO  BaseSystem.dmg: 524 MB / 961 MB
13:29:44 INFO  BaseSystem.dmg: 525 MB / 961 MB
13:29:44 INFO  BaseSystem.dmg: 526 MB / 961 MB
13:29:44 INFO  BaseSystem.dmg: 527 MB / 961 MB
13:29:44 INFO  BaseSystem.dmg: 528 MB / 961 MB
13:29:45 INFO  BaseSystem.dmg: 530 MB / 961 MB
13:29:45 INFO  BaseSystem.dmg: 531 MB / 961 MB
13:29:45 INFO  BaseSystem.dmg: 532 MB / 961 MB
13:29:45 INFO  BaseSystem.dmg: 533 MB / 961 MB
13:29:45 INFO  BaseSystem.dmg: 534 MB / 961 MB
13:29:46 INFO  BaseSystem.dmg: 536 MB / 961 MB
13:29:46 INFO  BaseSystem.dmg: 537 MB / 961 MB
13:29:46 INFO  BaseSystem.dmg: 538 MB / 961 MB
13:29:47 INFO  BaseSystem.dmg: 539 MB / 961 MB
13:29:47 INFO  BaseSystem.dmg: 540 MB / 961 MB
13:29:47 INFO  BaseSystem.dmg: 542 MB / 961 MB
13:29:47 INFO  BaseSystem.dmg: 543 MB / 961 MB
13:29:48 INFO  BaseSystem.dmg: 544 MB / 961 MB
13:29:48 INFO  BaseSystem.dmg: 545 MB / 961 MB
13:29:48 INFO  BaseSystem.dmg: 546 MB / 961 MB
13:29:48 INFO  BaseSystem.dmg: 547 MB / 961 MB
13:29:49 INFO  BaseSystem.dmg: 548 MB / 961 MB
13:29:49 INFO  BaseSystem.dmg: 549 MB / 961 MB
13:29:49 INFO  BaseSystem.dmg: 552 MB / 961 MB
13:29:49 INFO  BaseSystem.dmg: 553 MB / 961 MB
13:29:50 INFO  BaseSystem.dmg: 554 MB / 961 MB
13:29:50 INFO  BaseSystem.dmg: 555 MB / 961 MB
13:29:50 INFO  BaseSystem.dmg: 556 MB / 961 MB
13:29:50 INFO  BaseSystem.dmg: 557 MB / 961 MB
13:29:51 INFO  BaseSystem.dmg: 559 MB / 961 MB
13:29:51 INFO  BaseSystem.dmg: 560 MB / 961 MB
13:29:51 INFO  BaseSystem.dmg: 561 MB / 961 MB
13:29:52 INFO  BaseSystem.dmg: 562 MB / 961 MB
13:29:52 INFO  BaseSystem.dmg: 563 MB / 961 MB
13:29:52 INFO  BaseSystem.dmg: 564 MB / 961 MB
13:29:52 INFO  BaseSystem.dmg: 565 MB / 961 MB
13:29:52 INFO  BaseSystem.dmg: 567 MB / 961 MB
13:29:52 INFO  BaseSystem.dmg: 568 MB / 961 MB
13:29:53 INFO  BaseSystem.dmg: 569 MB / 961 MB
13:29:53 INFO  BaseSystem.dmg: 570 MB / 961 MB
13:29:54 INFO  BaseSystem.dmg: 571 MB / 961 MB
13:29:54 INFO  BaseSystem.dmg: 573 MB / 961 MB
13:29:54 INFO  BaseSystem.dmg: 574 MB / 961 MB
13:29:54 INFO  BaseSystem.dmg: 575 MB / 961 MB
13:29:54 INFO  BaseSystem.dmg: 576 MB / 961 MB
13:29:55 INFO  BaseSystem.dmg: 577 MB / 961 MB
13:29:55 INFO  BaseSystem.dmg: 578 MB / 961 MB
13:29:55 INFO  BaseSystem.dmg: 580 MB / 961 MB
13:29:55 INFO  BaseSystem.dmg: 581 MB / 961 MB
13:29:56 INFO  BaseSystem.dmg: 582 MB / 961 MB
13:29:56 INFO  BaseSystem.dmg: 583 MB / 961 MB
13:29:56 INFO  BaseSystem.dmg: 584 MB / 961 MB
13:29:57 INFO  BaseSystem.dmg: 585 MB / 961 MB
13:29:57 INFO  BaseSystem.dmg: 586 MB / 961 MB
13:29:57 INFO  BaseSystem.dmg: 587 MB / 961 MB
13:29:57 INFO  BaseSystem.dmg: 588 MB / 961 MB
13:29:57 INFO  BaseSystem.dmg: 590 MB / 961 MB
13:29:58 INFO  BaseSystem.dmg: 591 MB / 961 MB
13:29:58 INFO  BaseSystem.dmg: 592 MB / 961 MB
13:29:58 INFO  BaseSystem.dmg: 593 MB / 961 MB
13:29:58 INFO  BaseSystem.dmg: 595 MB / 961 MB
13:29:59 INFO  BaseSystem.dmg: 596 MB / 961 MB
13:29:59 INFO  BaseSystem.dmg: 597 MB / 961 MB
13:29:59 INFO  BaseSystem.dmg: 598 MB / 961 MB
13:29:59 INFO  BaseSystem.dmg: 599 MB / 961 MB
13:30:00 INFO  BaseSystem.dmg: 600 MB / 961 MB
13:30:00 INFO  BaseSystem.dmg: 602 MB / 961 MB
13:30:00 INFO  BaseSystem.dmg: 603 MB / 961 MB
13:30:00 INFO  BaseSystem.dmg: 604 MB / 961 MB
13:30:01 INFO  BaseSystem.dmg: 605 MB / 961 MB
13:30:01 INFO  BaseSystem.dmg: 606 MB / 961 MB
13:30:01 INFO  BaseSystem.dmg: 607 MB / 961 MB
13:30:01 INFO  BaseSystem.dmg: 608 MB / 961 MB
13:30:01 INFO  BaseSystem.dmg: 609 MB / 961 MB
13:30:02 INFO  BaseSystem.dmg: 610 MB / 961 MB
13:30:02 INFO  BaseSystem.dmg: 612 MB / 961 MB
13:30:02 INFO  BaseSystem.dmg: 613 MB / 961 MB
13:30:02 INFO  BaseSystem.dmg: 614 MB / 961 MB
13:30:03 INFO  BaseSystem.dmg: 615 MB / 961 MB
13:30:03 INFO  BaseSystem.dmg: 617 MB / 961 MB
13:30:03 INFO  BaseSystem.dmg: 618 MB / 961 MB
13:30:04 INFO  BaseSystem.dmg: 619 MB / 961 MB
13:30:04 INFO  BaseSystem.dmg: 620 MB / 961 MB
13:30:04 INFO  BaseSystem.dmg: 621 MB / 961 MB
13:30:04 INFO  BaseSystem.dmg: 622 MB / 961 MB
13:30:05 INFO  BaseSystem.dmg: 623 MB / 961 MB
13:30:05 INFO  BaseSystem.dmg: 625 MB / 961 MB
13:30:05 INFO  BaseSystem.dmg: 626 MB / 961 MB
13:30:05 INFO  BaseSystem.dmg: 627 MB / 961 MB
13:30:06 INFO  BaseSystem.dmg: 628 MB / 961 MB
13:30:06 INFO  BaseSystem.dmg: 630 MB / 961 MB
13:30:07 INFO  BaseSystem.dmg: 631 MB / 961 MB
13:30:07 INFO  BaseSystem.dmg: 632 MB / 961 MB
13:30:07 INFO  BaseSystem.dmg: 633 MB / 961 MB
13:30:07 INFO  BaseSystem.dmg: 634 MB / 961 MB
13:30:07 INFO  BaseSystem.dmg: 636 MB / 961 MB
13:30:07 INFO  BaseSystem.dmg: 637 MB / 961 MB
13:30:08 INFO  BaseSystem.dmg: 638 MB / 961 MB
13:30:08 INFO  BaseSystem.dmg: 640 MB / 961 MB
13:30:08 INFO  BaseSystem.dmg: 641 MB / 961 MB
13:30:09 INFO  BaseSystem.dmg: 642 MB / 961 MB
13:30:09 INFO  BaseSystem.dmg: 643 MB / 961 MB
13:30:10 INFO  BaseSystem.dmg: 644 MB / 961 MB
13:30:10 INFO  BaseSystem.dmg: 646 MB / 961 MB
13:30:10 INFO  BaseSystem.dmg: 647 MB / 961 MB
13:30:10 INFO  BaseSystem.dmg: 648 MB / 961 MB
13:30:11 INFO  BaseSystem.dmg: 649 MB / 961 MB
13:30:11 INFO  BaseSystem.dmg: 650 MB / 961 MB
13:30:12 INFO  BaseSystem.dmg: 651 MB / 961 MB
13:30:12 INFO  BaseSystem.dmg: 652 MB / 961 MB
13:30:12 INFO  BaseSystem.dmg: 653 MB / 961 MB
13:30:13 INFO  BaseSystem.dmg: 654 MB / 961 MB
13:30:13 INFO  BaseSystem.dmg: 655 MB / 961 MB
13:30:13 INFO  BaseSystem.dmg: 657 MB / 961 MB
13:30:13 INFO  BaseSystem.dmg: 658 MB / 961 MB
13:30:14 INFO  BaseSystem.dmg: 659 MB / 961 MB
13:30:14 INFO  BaseSystem.dmg: 660 MB / 961 MB
13:30:14 INFO  BaseSystem.dmg: 661 MB / 961 MB
13:30:14 INFO  BaseSystem.dmg: 663 MB / 961 MB
13:30:15 INFO  BaseSystem.dmg: 664 MB / 961 MB
13:30:16 INFO  BaseSystem.dmg: 665 MB / 961 MB
13:30:16 INFO  BaseSystem.dmg: 666 MB / 961 MB
13:30:16 INFO  BaseSystem.dmg: 667 MB / 961 MB
13:30:17 INFO  BaseSystem.dmg: 669 MB / 961 MB
13:30:17 INFO  BaseSystem.dmg: 670 MB / 961 MB
13:30:17 INFO  BaseSystem.dmg: 671 MB / 961 MB
13:30:18 INFO  BaseSystem.dmg: 672 MB / 961 MB
13:30:18 INFO  BaseSystem.dmg: 673 MB / 961 MB
13:30:19 INFO  BaseSystem.dmg: 674 MB / 961 MB
13:30:19 INFO  BaseSystem.dmg: 675 MB / 961 MB
13:30:20 INFO  BaseSystem.dmg: 676 MB / 961 MB
13:30:20 INFO  BaseSystem.dmg: 677 MB / 961 MB
13:30:20 INFO  BaseSystem.dmg: 678 MB / 961 MB
13:30:21 INFO  BaseSystem.dmg: 680 MB / 961 MB
13:30:21 INFO  BaseSystem.dmg: 681 MB / 961 MB
13:30:21 INFO  BaseSystem.dmg: 682 MB / 961 MB
13:30:21 INFO  BaseSystem.dmg: 683 MB / 961 MB
13:30:22 INFO  BaseSystem.dmg: 684 MB / 961 MB
13:30:22 INFO  BaseSystem.dmg: 686 MB / 961 MB
13:30:23 INFO  BaseSystem.dmg: 687 MB / 961 MB
13:30:23 INFO  BaseSystem.dmg: 688 MB / 961 MB
13:30:23 INFO  BaseSystem.dmg: 689 MB / 961 MB
13:30:23 INFO  BaseSystem.dmg: 691 MB / 961 MB
13:30:24 INFO  BaseSystem.dmg: 692 MB / 961 MB
13:30:24 INFO  BaseSystem.dmg: 693 MB / 961 MB
13:30:24 INFO  BaseSystem.dmg: 694 MB / 961 MB
13:30:25 INFO  BaseSystem.dmg: 695 MB / 961 MB
13:30:25 INFO  BaseSystem.dmg: 696 MB / 961 MB
13:30:26 INFO  BaseSystem.dmg: 697 MB / 961 MB
13:30:27 INFO  BaseSystem.dmg: 699 MB / 961 MB
13:30:27 INFO  BaseSystem.dmg: 700 MB / 961 MB
13:30:27 INFO  BaseSystem.dmg: 702 MB / 961 MB
13:30:28 INFO  BaseSystem.dmg: 703 MB / 961 MB
13:30:28 INFO  BaseSystem.dmg: 704 MB / 961 MB
13:30:29 INFO  BaseSystem.dmg: 705 MB / 961 MB
13:30:29 INFO  BaseSystem.dmg: 706 MB / 961 MB
13:30:29 INFO  BaseSystem.dmg: 707 MB / 961 MB
13:30:29 INFO  BaseSystem.dmg: 709 MB / 961 MB
13:30:30 INFO  BaseSystem.dmg: 710 MB / 961 MB
13:30:30 INFO  BaseSystem.dmg: 711 MB / 961 MB
13:30:30 INFO  BaseSystem.dmg: 712 MB / 961 MB
13:30:31 INFO  BaseSystem.dmg: 713 MB / 961 MB
13:30:31 INFO  BaseSystem.dmg: 714 MB / 961 MB
13:30:31 INFO  BaseSystem.dmg: 715 MB / 961 MB
13:30:31 INFO  BaseSystem.dmg: 716 MB / 961 MB
13:30:32 INFO  BaseSystem.dmg: 717 MB / 961 MB
13:30:32 INFO  BaseSystem.dmg: 719 MB / 961 MB
13:30:33 INFO  BaseSystem.dmg: 720 MB / 961 MB
13:30:33 INFO  BaseSystem.dmg: 721 MB / 961 MB
13:30:33 INFO  BaseSystem.dmg: 722 MB / 961 MB
13:30:34 INFO  BaseSystem.dmg: 725 MB / 961 MB
13:30:34 INFO  BaseSystem.dmg: 726 MB / 961 MB
13:30:34 INFO  BaseSystem.dmg: 727 MB / 961 MB
13:30:35 INFO  BaseSystem.dmg: 728 MB / 961 MB
13:30:35 INFO  BaseSystem.dmg: 729 MB / 961 MB
13:30:36 INFO  BaseSystem.dmg: 730 MB / 961 MB
13:30:36 INFO  BaseSystem.dmg: 732 MB / 961 MB
13:30:36 INFO  BaseSystem.dmg: 733 MB / 961 MB
13:30:37 INFO  BaseSystem.dmg: 735 MB / 961 MB
13:30:37 INFO  BaseSystem.dmg: 736 MB / 961 MB
13:30:37 INFO  BaseSystem.dmg: 737 MB / 961 MB
13:30:38 INFO  BaseSystem.dmg: 739 MB / 961 MB
13:30:38 INFO  BaseSystem.dmg: 740 MB / 961 MB
13:30:38 INFO  BaseSystem.dmg: 741 MB / 961 MB
13:30:38 INFO  BaseSystem.dmg: 742 MB / 961 MB
13:30:39 INFO  BaseSystem.dmg: 743 MB / 961 MB
13:30:40 INFO  BaseSystem.dmg: 746 MB / 961 MB
13:30:40 INFO  BaseSystem.dmg: 747 MB / 961 MB
13:30:40 INFO  BaseSystem.dmg: 748 MB / 961 MB
13:30:41 INFO  BaseSystem.dmg: 749 MB / 961 MB
13:30:41 INFO  BaseSystem.dmg: 750 MB / 961 MB
13:30:42 INFO  BaseSystem.dmg: 751 MB / 961 MB
13:30:42 INFO  BaseSystem.dmg: 752 MB / 961 MB
13:30:42 INFO  BaseSystem.dmg: 754 MB / 961 MB
13:30:43 INFO  BaseSystem.dmg: 755 MB / 961 MB
13:30:43 INFO  BaseSystem.dmg: 756 MB / 961 MB
13:30:44 INFO  BaseSystem.dmg: 757 MB / 961 MB
13:30:44 INFO  BaseSystem.dmg: 758 MB / 961 MB
13:30:44 INFO  BaseSystem.dmg: 759 MB / 961 MB
13:30:44 INFO  BaseSystem.dmg: 761 MB / 961 MB
13:30:45 INFO  BaseSystem.dmg: 762 MB / 961 MB
13:30:45 INFO  BaseSystem.dmg: 763 MB / 961 MB
13:30:45 INFO  BaseSystem.dmg: 764 MB / 961 MB
13:30:45 INFO  BaseSystem.dmg: 765 MB / 961 MB
13:30:46 INFO  BaseSystem.dmg: 767 MB / 961 MB
13:30:47 INFO  BaseSystem.dmg: 768 MB / 961 MB
13:30:47 INFO  BaseSystem.dmg: 769 MB / 961 MB
13:30:48 INFO  BaseSystem.dmg: 771 MB / 961 MB
13:30:48 INFO  BaseSystem.dmg: 772 MB / 961 MB
13:30:48 INFO  BaseSystem.dmg: 773 MB / 961 MB
13:30:49 INFO  BaseSystem.dmg: 774 MB / 961 MB
13:30:49 INFO  BaseSystem.dmg: 775 MB / 961 MB
13:30:50 INFO  BaseSystem.dmg: 777 MB / 961 MB
13:30:50 INFO  BaseSystem.dmg: 778 MB / 961 MB
13:30:50 INFO  BaseSystem.dmg: 779 MB / 961 MB
13:30:51 INFO  BaseSystem.dmg: 780 MB / 961 MB
13:30:51 INFO  BaseSystem.dmg: 781 MB / 961 MB
13:30:51 INFO  BaseSystem.dmg: 783 MB / 961 MB
13:30:52 INFO  BaseSystem.dmg: 784 MB / 961 MB
13:30:52 INFO  BaseSystem.dmg: 785 MB / 961 MB
13:30:52 INFO  BaseSystem.dmg: 786 MB / 961 MB
13:30:53 INFO  BaseSystem.dmg: 787 MB / 961 MB
13:30:53 INFO  BaseSystem.dmg: 788 MB / 961 MB
13:30:53 INFO  BaseSystem.dmg: 790 MB / 961 MB
13:30:54 INFO  BaseSystem.dmg: 791 MB / 961 MB
13:30:54 INFO  BaseSystem.dmg: 792 MB / 961 MB
13:30:54 INFO  BaseSystem.dmg: 793 MB / 961 MB
13:30:54 INFO  BaseSystem.dmg: 794 MB / 961 MB
13:30:55 INFO  BaseSystem.dmg: 795 MB / 961 MB
13:30:55 INFO  BaseSystem.dmg: 796 MB / 961 MB
13:30:56 INFO  BaseSystem.dmg: 797 MB / 961 MB
13:30:56 INFO  BaseSystem.dmg: 799 MB / 961 MB
13:30:57 INFO  BaseSystem.dmg: 800 MB / 961 MB
13:30:57 INFO  BaseSystem.dmg: 801 MB / 961 MB
13:30:58 INFO  BaseSystem.dmg: 802 MB / 961 MB
13:30:58 INFO  BaseSystem.dmg: 803 MB / 961 MB
13:30:58 INFO  BaseSystem.dmg: 804 MB / 961 MB
13:30:59 INFO  BaseSystem.dmg: 806 MB / 961 MB
13:30:59 INFO  BaseSystem.dmg: 807 MB / 961 MB
13:31:00 INFO  BaseSystem.dmg: 808 MB / 961 MB
13:31:00 INFO  BaseSystem.dmg: 809 MB / 961 MB
13:31:00 INFO  BaseSystem.dmg: 810 MB / 961 MB
13:31:00 INFO  BaseSystem.dmg: 811 MB / 961 MB
13:31:01 INFO  BaseSystem.dmg: 813 MB / 961 MB
13:31:02 INFO  BaseSystem.dmg: 814 MB / 961 MB
13:31:02 INFO  BaseSystem.dmg: 815 MB / 961 MB
13:31:02 INFO  BaseSystem.dmg: 817 MB / 961 MB
13:31:03 INFO  BaseSystem.dmg: 818 MB / 961 MB
13:31:03 INFO  BaseSystem.dmg: 819 MB / 961 MB
13:31:03 INFO  BaseSystem.dmg: 821 MB / 961 MB
13:31:03 INFO  BaseSystem.dmg: 822 MB / 961 MB
13:31:04 INFO  BaseSystem.dmg: 823 MB / 961 MB
13:31:04 INFO  BaseSystem.dmg: 824 MB / 961 MB
13:31:05 INFO  BaseSystem.dmg: 825 MB / 961 MB
13:31:05 INFO  BaseSystem.dmg: 826 MB / 961 MB
13:31:05 INFO  BaseSystem.dmg: 827 MB / 961 MB
13:31:06 INFO  BaseSystem.dmg: 829 MB / 961 MB
13:31:06 INFO  BaseSystem.dmg: 830 MB / 961 MB
13:31:06 INFO  BaseSystem.dmg: 831 MB / 961 MB
13:31:06 INFO  BaseSystem.dmg: 832 MB / 961 MB
13:31:07 INFO  BaseSystem.dmg: 833 MB / 961 MB
13:31:07 INFO  BaseSystem.dmg: 834 MB / 961 MB
13:31:08 INFO  BaseSystem.dmg: 836 MB / 961 MB
13:31:08 INFO  BaseSystem.dmg: 837 MB / 961 MB
13:31:08 INFO  BaseSystem.dmg: 838 MB / 961 MB
13:31:09 INFO  BaseSystem.dmg: 839 MB / 961 MB
13:31:09 INFO  BaseSystem.dmg: 840 MB / 961 MB
13:31:10 INFO  BaseSystem.dmg: 841 MB / 961 MB
13:31:10 INFO  BaseSystem.dmg: 843 MB / 961 MB
13:31:11 INFO  BaseSystem.dmg: 844 MB / 961 MB
13:31:11 INFO  BaseSystem.dmg: 845 MB / 961 MB
13:31:12 INFO  BaseSystem.dmg: 846 MB / 961 MB
13:31:12 INFO  BaseSystem.dmg: 847 MB / 961 MB
13:31:12 INFO  BaseSystem.dmg: 848 MB / 961 MB
13:31:13 INFO  BaseSystem.dmg: 850 MB / 961 MB
13:31:13 INFO  BaseSystem.dmg: 851 MB / 961 MB
13:31:13 INFO  BaseSystem.dmg: 852 MB / 961 MB
13:31:13 INFO  BaseSystem.dmg: 853 MB / 961 MB
13:31:14 INFO  BaseSystem.dmg: 854 MB / 961 MB
13:31:14 INFO  BaseSystem.dmg: 855 MB / 961 MB
13:31:14 INFO  BaseSystem.dmg: 856 MB / 961 MB
13:31:15 INFO  BaseSystem.dmg: 857 MB / 961 MB
13:31:15 INFO  BaseSystem.dmg: 859 MB / 961 MB
13:31:16 INFO  BaseSystem.dmg: 860 MB / 961 MB
13:31:16 INFO  BaseSystem.dmg: 861 MB / 961 MB
13:31:16 INFO  BaseSystem.dmg: 863 MB / 961 MB
13:31:17 INFO  BaseSystem.dmg: 864 MB / 961 MB
13:31:17 INFO  BaseSystem.dmg: 866 MB / 961 MB
13:31:17 INFO  BaseSystem.dmg: 867 MB / 961 MB
13:31:17 INFO  BaseSystem.dmg: 868 MB / 961 MB
13:31:18 INFO  BaseSystem.dmg: 869 MB / 961 MB
13:31:18 INFO  BaseSystem.dmg: 870 MB / 961 MB
13:31:19 INFO  BaseSystem.dmg: 871 MB / 961 MB
13:31:19 INFO  BaseSystem.dmg: 872 MB / 961 MB
13:31:19 INFO  BaseSystem.dmg: 873 MB / 961 MB
13:31:20 INFO  BaseSystem.dmg: 875 MB / 961 MB
13:31:20 INFO  BaseSystem.dmg: 876 MB / 961 MB
13:31:20 INFO  BaseSystem.dmg: 877 MB / 961 MB
13:31:20 INFO  BaseSystem.dmg: 878 MB / 961 MB
13:31:21 INFO  BaseSystem.dmg: 879 MB / 961 MB
13:31:21 INFO  BaseSystem.dmg: 881 MB / 961 MB
13:31:23 INFO  BaseSystem.dmg: 882 MB / 961 MB
13:31:23 INFO  BaseSystem.dmg: 883 MB / 961 MB
13:31:23 INFO  BaseSystem.dmg: 884 MB / 961 MB
13:31:25 INFO  BaseSystem.dmg: 886 MB / 961 MB
13:31:26 INFO  BaseSystem.dmg: 887 MB / 961 MB
13:31:26 INFO  BaseSystem.dmg: 889 MB / 961 MB
13:31:26 INFO  BaseSystem.dmg: 890 MB / 961 MB
13:31:26 INFO  BaseSystem.dmg: 891 MB / 961 MB
13:31:27 INFO  BaseSystem.dmg: 892 MB / 961 MB
13:31:27 INFO  BaseSystem.dmg: 893 MB / 961 MB
13:31:28 INFO  BaseSystem.dmg: 894 MB / 961 MB
13:31:28 INFO  BaseSystem.dmg: 895 MB / 961 MB
13:31:28 INFO  BaseSystem.dmg: 897 MB / 961 MB
13:31:29 INFO  BaseSystem.dmg: 898 MB / 961 MB
13:31:29 INFO  BaseSystem.dmg: 899 MB / 961 MB
13:31:30 INFO  BaseSystem.dmg: 900 MB / 961 MB
13:31:30 INFO  BaseSystem.dmg: 901 MB / 961 MB
13:31:31 INFO  BaseSystem.dmg: 902 MB / 961 MB
13:31:31 INFO  BaseSystem.dmg: 903 MB / 961 MB
13:31:32 INFO  BaseSystem.dmg: 905 MB / 961 MB
13:31:32 INFO  BaseSystem.dmg: 906 MB / 961 MB
13:31:32 INFO  BaseSystem.dmg: 907 MB / 961 MB
13:31:33 INFO  BaseSystem.dmg: 909 MB / 961 MB
13:31:34 INFO  BaseSystem.dmg: 910 MB / 961 MB
13:31:34 INFO  BaseSystem.dmg: 911 MB / 961 MB
13:31:35 INFO  BaseSystem.dmg: 913 MB / 961 MB
13:31:35 INFO  BaseSystem.dmg: 914 MB / 961 MB
13:31:35 INFO  BaseSystem.dmg: 915 MB / 961 MB
13:31:35 INFO  BaseSystem.dmg: 916 MB / 961 MB
13:31:37 INFO  BaseSystem.dmg: 918 MB / 961 MB
13:31:38 INFO  BaseSystem.dmg: 920 MB / 961 MB
13:31:39 INFO  BaseSystem.dmg: 921 MB / 961 MB
13:31:39 INFO  BaseSystem.dmg: 922 MB / 961 MB
13:31:39 INFO  BaseSystem.dmg: 923 MB / 961 MB
13:31:39 INFO  BaseSystem.dmg: 924 MB / 961 MB
13:31:40 INFO  BaseSystem.dmg: 926 MB / 961 MB
13:31:40 INFO  BaseSystem.dmg: 927 MB / 961 MB
13:31:41 INFO  BaseSystem.dmg: 928 MB / 961 MB
13:31:41 INFO  BaseSystem.dmg: 930 MB / 961 MB
13:31:42 INFO  BaseSystem.dmg: 931 MB / 961 MB
13:31:42 INFO  BaseSystem.dmg: 932 MB / 961 MB
13:31:42 INFO  BaseSystem.dmg: 933 MB / 961 MB
13:31:42 INFO  BaseSystem.dmg: 934 MB / 961 MB
13:31:43 INFO  BaseSystem.dmg: 936 MB / 961 MB
13:31:43 INFO  BaseSystem.dmg: 937 MB / 961 MB
13:31:44 INFO  BaseSystem.dmg: 938 MB / 961 MB
13:31:44 INFO  BaseSystem.dmg: 940 MB / 961 MB
13:31:45 INFO  BaseSystem.dmg: 941 MB / 961 MB
13:31:46 INFO  BaseSystem.dmg: 942 MB / 961 MB
13:31:46 INFO  BaseSystem.dmg: 943 MB / 961 MB
13:31:46 INFO  BaseSystem.dmg: 944 MB / 961 MB
13:31:46 INFO  BaseSystem.dmg: 945 MB / 961 MB
13:31:47 INFO  BaseSystem.dmg: 946 MB / 961 MB
13:31:47 INFO  BaseSystem.dmg: 948 MB / 961 MB
13:31:48 INFO  BaseSystem.dmg: 949 MB / 961 MB
13:31:48 INFO  BaseSystem.dmg: 950 MB / 961 MB
13:31:50 INFO  BaseSystem.dmg: 951 MB / 961 MB
13:31:51 INFO  BaseSystem.dmg: 953 MB / 961 MB
13:31:52 INFO  BaseSystem.dmg: 954 MB / 961 MB
13:31:52 INFO  BaseSystem.dmg: 955 MB / 961 MB
13:31:52 INFO  BaseSystem.dmg: 957 MB / 961 MB
13:31:52 INFO  BaseSystem.dmg: 958 MB / 961 MB
13:31:53 INFO  BaseSystem.dmg: 959 MB / 961 MB
13:31:53 INFO  BaseSystem.dmg: 960 MB / 961 MB
13:31:54 INFO  BaseSystem.dmg: 961 MB / 961 MB
13:31:54 INFO  Lade BaseSystem.chunklist herunter.
13:31:55 INFO  BaseSystem.chunklist: 0 MB / 0 MB
13:31:55 INFO  BaseSystem.chunklist: 0 MB / 0 MB
13:31:55 INFO  Prüfe Recovery-Abbildung gegen Chunklist.
13:31:57 INFO  Recovery-Abbildung verifiziert (92 Chunks).
13:31:57 INFO  Recovery-Download abgeschlossen und verifiziert.
13:31:57 INFO  Fertig - der USB-Stick ist bootfähig.
