==== macOS USB Setup - Gegenpruefung ====
Zeit   : 08/13/2026 13:33:50
Rechner: DESKTOP-5RCG7NJ

--- System ---
CPU    : Intel(R) Core(TM) i5-8350U CPU @ 1.70GHz  [Intel64 Family 6 Model 142 Stepping 10, 4 Kerne]
GPU    : Intel(R) UHD Graphics 620  [8086:5917]
RAM    : 15,88 GB
Firmware: UEFI (Systemdatentraeger ist GPT)

--- USB-Datentraeger ---
  Disk 1: USB  SanDisk 3.2Gen1 USB Device  28,65 GB  Laufwerke: D:

--- Ziel-Volume (Label MACOS-USB) ---
  Laufwerk: D:\
  Format  : FAT32   Groesse: 28,64 GB   Frei: 27,74 GB

  EFI / OpenCore:
  [OK]    EFI\BOOT\BOOTx64.efi (24 KB)
  [OK]    EFI\OC\OpenCore.efi (612 KB)
  [OK]    EFI\OC\config.plist (13 KB)
  [OK]    EFI\OC\Drivers\OpenRuntime.efi (24 KB)
  [OK]    EFI\OC\Drivers\HfsPlus.efi (37 KB)
  [OK]    EFI\OC\Kexts\Lilu.kext
  [OK]    EFI\OC\Kexts\VirtualSMC.kext
  [OK]    EFI\OC\Kexts\WhateverGreen.kext

  macOS Recovery:
  [OK]    com.apple.recovery.boot\BaseSystem.dmg (916,0 MB)
  [OK]    com.apple.recovery.boot\BaseSystem.chunklist (4 KB)

  config.plist: gueltig, SMBIOS=MacBookPro16,1, Kexts=3

--- Programm-Logs (%TEMP%\MacOsUsbSetup) ---
  setup-Log: setup-20260813-132653.log
  ERROR-Zeilen: 0
  --- letzte 15 Zeilen ---
    13:31:51 INFO  BaseSystem.dmg: 953 MB / 961 MB
    13:31:52 INFO  BaseSystem.dmg: 954 MB / 961 MB
    13:31:52 INFO  BaseSystem.dmg: 955 MB / 961 MB
    13:31:52 INFO  BaseSystem.dmg: 957 MB / 961 MB
    13:31:52 INFO  BaseSystem.dmg: 958 MB / 961 MB
    13:31:53 INFO  BaseSystem.dmg: 959 MB / 961 MB
    13:31:53 INFO  BaseSystem.dmg: 960 MB / 961 MB
    13:31:54 INFO  BaseSystem.dmg: 961 MB / 961 MB
    13:31:54 INFO  Lade BaseSystem.chunklist herunter.
    13:31:55 INFO  BaseSystem.chunklist: 0 MB / 0 MB
    13:31:55 INFO  BaseSystem.chunklist: 0 MB / 0 MB
    13:31:55 INFO  Prüfe Recovery-Abbildung gegen Chunklist.
    13:31:57 INFO  Recovery-Abbildung verifiziert (92 Chunks).
    13:31:57 INFO  Recovery-Download abgeschlossen und verifiziert.
    13:31:57 INFO  Fertig - der USB-Stick ist bootfähig.

==== ERGEBNIS: PASS ====
